2025-Nov-28 00:13:19.031739 Assembly begins.
2025-Nov-28 00:13:19.032239 Begin loading reads from 1 files.
2025-Nov-28 00:13:19.032260 Loading reads from /home/kokyriakidis/Downloads/variantClustering/shasta/tests/TinyTest.fasta
File size: 891697 bytes.
Buffer allocate time: 0.000633592 s.
Read time: 0.00884389 s.
Read rate: 1.00826e+08 bytes/s.
Time to process this file:
Allocate buffer + read: 0.00951304 s.
Parse: 0.00428665 s.
Store: 0.00145688 s.
Total: 0.0152566 s.
2025-Nov-28 00:13:19.049237 Done loading reads from 1 files.
Read loading took 0.0169869s.
2025-Nov-28 00:13:19.049338 Finding markers in 20 reads.
2025-Nov-28 00:13:19.083284 Finding markers completed in 0.0339391 s.
2025-Nov-28 00:13:19.083363 Gathering marker KmerIds.
2025-Nov-28 00:13:19.086262 Finding palindromic reads.
2025-Nov-28 00:13:19.104331 LowHash0 begins.
2025-Nov-28 00:13:19.104403 LowHash0 iteration 0 begins.
2025-Nov-28 00:13:19.108624 LowHash0 iteration 1 begins.
2025-Nov-28 00:13:19.112295 LowHash0 iteration 2 begins.
2025-Nov-28 00:13:19.115234 LowHash0 iteration 3 begins.
2025-Nov-28 00:13:19.118195 LowHash0 iteration 4 begins.
2025-Nov-28 00:13:19.121175 LowHash0 iteration 5 begins.
2025-Nov-28 00:13:19.124120 LowHash0 iteration 6 begins.
2025-Nov-28 00:13:19.127448 LowHash0 iteration 7 begins.
2025-Nov-28 00:13:19.130775 LowHash0 iteration 8 begins.
2025-Nov-28 00:13:19.133785 LowHash0 iteration 9 begins.
2025-Nov-28 00:13:19.136853 Storing candidate alignments.
2025-Nov-28 00:13:19.137072 LowHash0 completed in 0.0327168 s.
2025-Nov-28 00:13:19.137117 Suppressing alignment candidates.
2025-Nov-28 00:13:19.137743 Done suppressing alignment candidates.
2025-Nov-28 00:13:19.394545 Begin computing alignments for 0 alignment candidates.
2025-Nov-28 00:13:19.394580 Alignment computation begins.
2025-Nov-28 00:13:19.395605 Alignment computation completed.
2025-Nov-28 00:13:19.395639 Storing the alignment found by each thread.
2025-Nov-28 00:13:19.395826 Creating alignment table.
2025-Nov-28 00:13:19.395875 Computation of alignments completed in 0.00133014 s.
2025-Nov-28 00:13:19.395888 2025-Nov-28 00:13:19.397193 Begin flagCrossStrandReadGraphEdges.
2025-Nov-28 00:13:19.397793 End flagCrossStrandReadGraphEdges.
2025-Nov-28 00:13:19.397811 Begin flagging chimeric reads.
2025-Nov-28 00:13:19.398628 Done flagging chimeric reads.
2025-Nov-28 00:13:19.398665 Computing connected components of the read graph.
2025-Nov-28 00:13:19.398685 Done computing connected components of the read graph.
2025-Nov-28 00:13:19.398746 Begin computing marker graph vertices.
2025-Nov-28 00:13:19.399859 Disjoint set computation begins.
2025-Nov-28 00:13:19.400428 Disjoint set computation completed.
    2025-Nov-28 00:13:19.400443  Iteration  1
    2025-Nov-28 00:13:19.400968  Updated parent of - 0 entries.
2025-Nov-28 00:13:19.400977 Verifying convergence of parent information.
2025-Nov-28 00:13:19.401566 Done verifying convergence of parent information.
2025-Nov-28 00:13:19.401582 Compacting the Disjoint Set data-structure.
2025-Nov-28 00:13:19.401796 Done compacting the Disjoint Set data-structure.
2025-Nov-28 00:13:19.401814 Counting the number of markers in each disjoint set.
2025-Nov-28 00:13:19.404766 Renumbering the disjoint sets.
2025-Nov-28 00:13:19.404916 Assigning vertices to renumbered disjoint sets.
2025-Nov-28 00:13:19.405131 Gathering markers in disjoint sets, pass1.
2025-Nov-28 00:13:19.405147 Processing 124196 oriented markers.
2025-Nov-28 00:13:19.405690 Gathering markers in disjoint sets, pass2.
2025-Nov-28 00:13:19.405704 Processing 124196 oriented markers.
2025-Nov-28 00:13:19.406255 Sorting the markers in each disjoint set.
2025-Nov-28 00:13:19.406846 Flagging bad disjoint sets.
2025-Nov-28 00:13:19.407390 Renumbering disjoint sets to remove the bad ones.
2025-Nov-28 00:13:19.407405 Assigning vertex ids to markers.
2025-Nov-28 00:13:19.407938 Gathering the markers of each vertex of the marker graph.
2025-Nov-28 00:13:19.407994 Computation of global marker graph vertices completed in 0.00924712 s.
2025-Nov-28 00:13:19.408005 Begin findMarkerGraphReverseComplementVertices.
2025-Nov-28 00:13:19.409048 End findMarkerGraphReverseComplementVertices.
2025-Nov-28 00:13:19.409067 createMarkerGraphEdges begins.
2025-Nov-28 00:13:19.409073 Processing 0 marker graph vertices.
2025-Nov-28 00:13:19.409930 Combining the edges found by each thread.
2025-Nov-28 00:13:19.411292 createMarkerGraphEdges ends.
2025-Nov-28 00:13:19.411309 Begin findMarkerGraphReverseComplementEdges.
2025-Nov-28 00:13:19.412315 End findMarkerGraphReverseComplementEdges.
2025-Nov-28 00:13:19.412330 Transitive reduction of the marker graph begins.
2025-Nov-28 00:13:19.412426 Transitive reduction of the marker graph ends.
2025-Nov-28 00:13:19.412439 Begin prune iteration 0
2025-Nov-28 00:13:19.412449 Begin prune iteration 1
2025-Nov-28 00:13:19.412458 Begin prune iteration 2
2025-Nov-28 00:13:19.412467 Begin prune iteration 3
2025-Nov-28 00:13:19.412476 Begin prune iteration 4
2025-Nov-28 00:13:19.412486 Begin prune iteration 5
2025-Nov-28 00:13:19.412583 Begin simplifyMarkerGraph iteration 0
2025-Nov-28 00:13:19.415272 Begin simplifyMarkerGraph iteration 1
2025-Nov-28 00:13:19.417878 Begin simplifyMarkerGraph iteration 2
2025-Nov-28 00:13:19.420356 Begin simplifyMarkerGraph iteration 3
2025-Nov-28 00:13:19.422740 Begin simplifyMarkerGraph iteration 4
2025-Nov-28 00:13:19.426413 Filling in oriented reads.
2025-Nov-28 00:13:19.426424 Creating the tangles.
2025-Nov-28 00:13:19.426739 assembleMarkerGraphVertices begins.
2025-Nov-28 00:13:19.427555 assembleMarkerGraphVertices ends.
2025-Nov-28 00:13:19.427570 assembleMarkerGraphEdges begins.
2025-Nov-28 00:13:19.428857 assembleMarkerGraphEdges ends.
2025-Nov-28 00:13:19.430436 writeGfa1 begins
2025-Nov-28 00:13:19.430458 writeGfa1 ends
2025-Nov-28 00:13:19.430470 writeGfa1BothStrands begins
2025-Nov-28 00:13:19.430488 writeGfa1BothStrands ends
2025-Nov-28 00:13:19.430519 writeFasta begins
2025-Nov-28 00:13:19.430534 writeFasta ends
2025-Nov-28 00:13:19.430612 writeReadsSummary begins.
2025-Nov-28 00:13:19.431718 writeReadsSummary ends.
2025-Nov-28 00:13:19.431997 
Assembly time statistics:
    Elapsed seconds: 0.39845
    Elapsed minutes: 0.00664084
    Elapsed hours:   0.000110681
Average CPU utilization: 0.0514493
Peak Memory usage: 1125838848 bytes = 1 GiB
2025-Nov-28 00:13:19.432065 Assembly ends.
